Sending build context to Docker daemon  1.202kB
Step 1/9 : FROM python:3.7.3-slim
 ---> 338ae06dfca5
Step 2/9 : RUN apt-get update
 ---> Using cache
 ---> 45492ce6dba8
Step 3/9 : RUN apt-get install gunicorn3 -y
 ---> Using cache
 ---> 182af82291c7
Step 4/9 : ADD requirements.txt /requirements.txt
 ---> Using cache
 ---> ffccd2e92d86
Step 5/9 : RUN pip install -r /requirements.txt
 ---> Running in bede0dfa5241
Collecting Flask==0.12.2 (from -r /requirements.txt (line 1))
  Downloading https://files.pythonhosted.org/packages/77/32/e3597cb19ffffe724ad4bf0beca4153419918e7fa4ba6a34b04ee4da3371/Flask-0.12.2-py2.py3-none-any.whl (83kB)
Collecting requests==2.25.1 (from -r /requirements.txt (line 2))
  Downloading https://files.pythonhosted.org/packages/29/c1/24814557f1d22c56d50280771a17307e6bf87b70727d975fd6b2ce6b014a/requests-2.25.1-py2.py3-none-any.whl (61kB)
Collecting xhtml2pdf==0.2.5 (from -r /requirements.txt (line 3))
  Downloading https://files.pythonhosted.org/packages/1a/a3/6d4c760bb08e7669f8c8a565ef62fe5a42d28aebf8dbc44476d9dd13782c/xhtml2pdf-0.2.5.tar.gz (100kB)
Collecting gunicorn==20.1.0 (from -r /requirements.txt (line 4))
  Downloading https://files.pythonhosted.org/packages/e4/dd/5b190393e6066286773a67dfcc2f9492058e9b57c4867a95f1ba5caf0a83/gunicorn-20.1.0-py3-none-any.whl (79kB)
Collecting click>=2.0 (from Flask==0.12.2->-r /requirements.txt (line 1))
  Downloading https://files.pythonhosted.org/packages/48/58/c8aa6a8e62cc75f39fee1092c45d6b6ba684122697d7ce7d53f64f98a129/click-8.0.3-py3-none-any.whl (97kB)
Collecting itsdangerous>=0.21 (from Flask==0.12.2->-r /requirements.txt (line 1))
  Downloading https://files.pythonhosted.org/packages/9c/96/26f935afba9cd6140216da5add223a0c465b99d0f112b68a4ca426441019/itsdangerous-2.0.1-py3-none-any.whl
Collecting Jinja2>=2.4 (from Flask==0.12.2->-r /requirements.txt (line 1))
  Downloading https://files.pythonhosted.org/packages/20/9a/e5d9ec41927401e41aea8af6d16e78b5e612bca4699d417f646a9610a076/Jinja2-3.0.3-py3-none-any.whl (133kB)
Collecting Werkzeug>=0.7 (from Flask==0.12.2->-r /requirements.txt (line 1))
  Downloading https://files.pythonhosted.org/packages/1e/73/51137805d1b8d97367a8a77cae4a792af14bb7ce58fbd071af294c740cf0/Werkzeug-2.0.2-py3-none-any.whl (288kB)
Collecting urllib3<1.27,>=1.21.1 (from requests==2.25.1->-r /requirements.txt (line 2))
  Downloading https://files.pythonhosted.org/packages/af/f4/524415c0744552cce7d8bf3669af78e8a069514405ea4fcbd0cc44733744/urllib3-1.26.7-py2.py3-none-any.whl (138kB)
Collecting idna<3,>=2.5 (from requests==2.25.1->-r /requirements.txt (line 2))
  Downloading https://files.pythonhosted.org/packages/a2/38/928ddce2273eaa564f6f50de919327bf3a00f091b5baba8dfa9460f3a8a8/idna-2.10-py2.py3-none-any.whl (58kB)
Collecting certifi>=2017.4.17 (from requests==2.25.1->-r /requirements.txt (line 2))
  Downloading https://files.pythonhosted.org/packages/37/45/946c02767aabb873146011e665728b680884cd8fe70dde973c640e45b775/certifi-2021.10.8-py2.py3-none-any.whl (149kB)
Collecting chardet<5,>=3.0.2 (from requests==2.25.1->-r /requirements.txt (line 2))
  Downloading https://files.pythonhosted.org/packages/19/c7/fa589626997dd07bd87d9269342ccb74b1720384a4d739a1872bd84fbe68/chardet-4.0.0-py2.py3-none-any.whl (178kB)
Collecting html5lib>=1.0 (from xhtml2pdf==0.2.5->-r /requirements.txt (line 3))
  Downloading https://files.pythonhosted.org/packages/6c/dd/a834df6482147d48e225a49515aabc28974ad5a4ca3215c18a882565b028/html5lib-1.1-py2.py3-none-any.whl (112kB)
Collecting pyPdf2 (from xhtml2pdf==0.2.5->-r /requirements.txt (line 3))
  Downloading https://files.pythonhosted.org/packages/b4/01/68fcc0d43daf4c6bdbc6b33cc3f77bda531c86b174cac56ef0ffdb96faab/PyPDF2-1.26.0.tar.gz (77kB)
Collecting Pillow (from xhtml2pdf==0.2.5->-r /requirements.txt (line 3))
  Downloading https://files.pythonhosted.org/packages/7d/2a/2fc11b54e2742db06297f7fa7f420a0e3069fdcf0e4b57dfec33f0b08622/Pillow-8.4.0.tar.gz (49.4MB)
Collecting reportlab>=3.3.0 (from xhtml2pdf==0.2.5->-r /requirements.txt (line 3))
  Downloading https://files.pythonhosted.org/packages/ae/4e/5777c95f93d85854cc9da0627636d2c3982be55a7b9cfc34d1a53e9a9c99/reportlab-3.6.2.tar.gz (4.5MB)
Collecting six (from xhtml2pdf==0.2.5->-r /requirements.txt (line 3))
  Downloading https://files.pythonhosted.org/packages/d9/5a/e7c31adbe875f2abbb91bd84cf2dc52d792b5a01506781dbcf25c91daf11/six-1.16.0-py2.py3-none-any.whl
Collecting python-bidi>=0.4.2 (from xhtml2pdf==0.2.5->-r /requirements.txt (line 3))
  Downloading https://files.pythonhosted.org/packages/33/b0/f942d146a2f457233baaafd6bdf624eba8e0f665045b4abd69d1b62d097d/python_bidi-0.4.2-py2.py3-none-any.whl
Collecting arabic-reshaper>=2.1.0 (from xhtml2pdf==0.2.5->-r /requirements.txt (line 3))
  Downloading https://files.pythonhosted.org/packages/47/27/7b9b824f5342d8ee180027333f2e15842ea36f5bc2d3d24a4e6bb31fb596/arabic_reshaper-2.1.3-py3-none-any.whl
Requirement already satisfied: setuptools>=3.0 in /usr/local/lib/python3.7/site-packages (from gunicorn==20.1.0->-r /requirements.txt (line 4)) (41.0.1)
Collecting importlib-metadata; python_version < "3.8" (from click>=2.0->Flask==0.12.2->-r /requirements.txt (line 1))
  Downloading https://files.pythonhosted.org/packages/c4/1f/e2238896149df09953efcc53bdcc7d23597d6c53e428c30e572eda5ec6eb/importlib_metadata-4.8.2-py3-none-any.whl
Collecting MarkupSafe>=2.0 (from Jinja2>=2.4->Flask==0.12.2->-r /requirements.txt (line 1))
  Downloading https://files.pythonhosted.org/packages/ad/cd/650b1be2a81674939ef962b1f1b956e4a84116d69708c842667445e95408/MarkupSafe-2.0.1-cp37-cp37m-manylinux2010_x86_64.whl
Collecting webencodings (from html5lib>=1.0->xhtml2pdf==0.2.5->-r /requirements.txt (line 3))
  Downloading https://files.pythonhosted.org/packages/f4/24/2a3e3df732393fed8b3ebf2ec078f05546de641fe1b667ee316ec1dcf3b7/webencodings-0.5.1-py2.py3-none-any.whl
Collecting future (from arabic-reshaper>=2.1.0->xhtml2pdf==0.2.5->-r /requirements.txt (line 3))
  Downloading https://files.pythonhosted.org/packages/45/0b/38b06fd9b92dc2b68d58b75f900e97884c45bedd2ff83203d933cf5851c9/future-0.18.2.tar.gz (829kB)
Collecting typing-extensions>=3.6.4; python_version < "3.8" (from importlib-metadata; python_version < "3.8"->click>=2.0->Flask==0.12.2->-r /requirements.txt (line 1))
  Downloading https://files.pythonhosted.org/packages/74/60/18783336cc7fcdd95dae91d73477830aa53f5d3181ae4fe20491d7fc3199/typing_extensions-3.10.0.2-py3-none-any.whl
Collecting zipp>=0.5 (from importlib-metadata; python_version < "3.8"->click>=2.0->Flask==0.12.2->-r /requirements.txt (line 1))
  Downloading https://files.pythonhosted.org/packages/bd/df/d4a4974a3e3957fd1c1fa3082366d7fff6e428ddb55f074bf64876f8e8ad/zipp-3.6.0-py3-none-any.whl
Building wheels for collected packages: xhtml2pdf, pyPdf2, Pillow, reportlab, future
  Building wheel for xhtml2pdf (setup.py): started
  Building wheel for xhtml2pdf (setup.py): finished with status 'done'
  Stored in directory: /root/.cache/pip/wheels/69/0f/15/6f8008b18ca84c08c198445b465c8038f745e444d7251a8266
  Building wheel for pyPdf2 (setup.py): started
  Building wheel for pyPdf2 (setup.py): finished with status 'done'
  Stored in directory: /root/.cache/pip/wheels/53/84/19/35bc977c8bf5f0c23a8a011aa958acd4da4bbd7a229315c1b7
  Building wheel for Pillow (setup.py): started
  Building wheel for Pillow (setup.py): finished with status 'error'
[91m  ERROR: Complete output from command /usr/local/bin/python -u -c 'import setuptools, tokenize;__file__='"'"'/tmp/pip-install-l41vgl7f/Pillow/setup.py'"'"';f=getattr(tokenize, '"'"'open'"'"', open)(__file__);code=f.read().replace('"'"'\r\n'"'"', '"'"'\n'"'"');f.close();exec(compile(code, __file__, '"'"'exec'"'"'))' bdist_wheel -d /tmp/pip-wheel-_053fwyf --python-tag cp37:
[0m[91m  ERROR: running bdist_wheel
  running build
  running build_py
  creating build
  creating build/lib.linux-x86_64-3.7
  creating build/lib.linux-x86_64-3.7/PIL
  copying src/PIL/CurImagePlugin.py -> build/lib.linux-x86_64-3.7/PIL
  copying src/PIL/ImtImagePlugin.py -> build/lib.linux-x86_64-3.7/PIL
  copying src/PIL/GifImagePlugin.py -> build/lib.linux-x86_64-3.7/PIL
  copying src/PIL/PaletteFile.py -> build/lib.linux-x86_64-3.7/PIL
  copying src/PIL/ImageDraw.py -> build/lib.linux-x86_64-3.7/PIL
  copying src/PIL/MpoImagePlugin.py -> build/lib.linux-x86_64-3.7/PIL
  copying src/PIL/XpmImagePlugin.py -> build/lib.linux-x86_64-3.7/PIL
  copying src/PIL/PngImagePlugin.py -> build/lib.linux-x86_64-3.7/PIL
  copying src/PIL/XbmImagePlugin.py -> build/lib.linux-x86_64-3.7/PIL
  copying src/PIL/TgaImagePlugin.py -> build/lib.linux-x86_64-3.7/PIL
  copying src/PIL/ImageTransform.py -> build/lib.linux-x86_64-3.7/PIL
  copying src/PIL/PcfFontFile.py -> build/lib.linux-x86_64-3.7/PIL
  copying src/PIL/ImagePalette.py -> build/lib.linux-x86_64-3.7/PIL
  copying src/PIL/SpiderImagePlugin.py -> build/lib.linux-x86_64-3.7/PIL
  copying src/PIL/_util.py -> build/lib.linux-x86_64-3.7/PIL
  copying src/PIL/PcxImagePlugin.py -> build/lib.linux-x86_64-3.7/PIL
  copying src/PIL/SunImagePlugin.py -> build/lib.linux-x86_64-3.7/PIL
  copying src/PIL/PyAccess.py -> build/lib.linux-x86_64-3.7/PIL
  copying src/PIL/PdfImagePlugin.py -> build/lib.linux-x86_64-3.7/PIL
  copying src/PIL/ImageOps.py -> build/lib.linux-x86_64-3.7/PIL
  copying src/PIL/GbrImagePlugin.py -> build/lib.linux-x86_64-3.7/PIL
  copying src/PIL/ImageFilter.py -> build/lib.linux-x86_64-3.7/PIL
  copying src/PIL/PcdImagePlugin.py -> build/lib.linux-x86_64-3.7/PIL
  copying src/PIL/MicImagePlugin.py -> build/lib.linux-x86_64-3.7/PIL
  copying src/PIL/DdsImagePlugin.py -> build/lib.linux-x86_64-3.7/PIL
  copying src/PIL/IptcImagePlugin.py -> build/lib.linux-x86_64-3.7/PIL
  copying src/PIL/GribStubImagePlugin.py -> build/lib.linux-x86_64-3.7/PIL
  copying src/PIL/Jpeg2KImagePlugin.py -> build/lib.linux-x86_64-3.7/PIL
  copying src/PIL/__init__.py -> build/lib.linux-x86_64-3.7/PIL
  copying src/PIL/BdfFontFile.py -> build/lib.linux-x86_64-3.7/PIL
  copying src/PIL/ImageGrab.py -> build/lib.linux-x86_64-3.7/PIL
  copying src/PIL/features.py -> build/lib.linux-x86_64-3.7/PIL
  copying src/PIL/MspImagePlugin.py -> build/lib.linux-x86_64-3.7/PIL
  copying src/PIL/Hdf5StubImagePlugin.py -> build/lib.linux-x86_64-3.7/PIL
  copying src/PIL/__main__.py -> build/lib.linux-x86_64-3.7/PIL
  copying src/PIL/ImagePath.py -> build/lib.linux-x86_64-3.7/PIL
  copying src/PIL/ImageCms.py -> build/lib.linux-x86_64-3.7/PIL
  copying src/PIL/FliImagePlugin.py -> build/lib.linux-x86_64-3.7/PIL
  copying src/PIL/PpmImagePlugin.py -> build/lib.linux-x86_64-3.7/PIL
  copying src/PIL/GdImageFile.py -> build/lib.linux-x86_64-3.7/PIL
  copying src/PIL/SgiImagePlugin.py -> build/lib.linux-x86_64-3.7/PIL
  copying src/PIL/ImageColor.py -> build/lib.linux-x86_64-3.7/PIL
  copying src/PIL/_tkinter_finder.py -> build/lib.linux-x86_64-3.7/PIL
  copying src/PIL/FtexImagePlugin.py -> build/lib.linux-x86_64-3.7/PIL
  copying src/PIL/PsdImagePlugin.py -> build/lib.linux-x86_64-3.7/PIL
  copying src/PIL/XVThumbImagePlugin.py -> build/lib.linux-x86_64-3.7/PIL
  copying src/PIL/ImageEnhance.py -> build/lib.linux-x86_64-3.7/PIL
  copying src/PIL/ContainerIO.py -> build/lib.linux-x86_64-3.7/PIL
  copying src/PIL/BmpImagePlugin.py -> build/lib.linux-x86_64-3.7/PIL
  copying src/PIL/JpegImagePlugin.py -> build/lib.linux-x86_64-3.7/PIL
  copying src/PIL/ImageTk.py -> build/lib.linux-x86_64-3.7/PIL
  copying src/PIL/ImageMath.py -> build/lib.linux-x86_64-3.7/PIL
  copying src/PIL/ImageDraw2.py -> build/lib.linux-x86_64-3.7/PIL
  copying src/PIL/ImageShow.py -> build/lib.linux-x86_64-3.7/PIL
  copying src/PIL/FitsStubImagePlugin.py -> build/lib.linux-x86_64-3.7/PIL
  copying src/PIL/BufrStubImagePlugin.py -> build/lib.linux-x86_64-3.7/PIL
  copying src/PIL/ExifTags.py -> build/lib.linux-x86_64-3.7/PIL
  copying src/PIL/GimpPaletteFile.py -> build/lib.linux-x86_64-3.7/PIL
  copying src/PIL/TiffTags.py -> build/lib.linux-x86_64-3.7/PIL
  copying src/PIL/PSDraw.py -> build/lib.linux-x86_64-3.7/PIL
  copying src/PIL/FpxImagePlugin.py -> build/lib.linux-x86_64-3.7/PIL
  copying src/PIL/PdfParser.py -> build/lib.linux-x86_64-3.7/PIL
  copying src/PIL/IcoImagePlugin.py -> build/lib.linux-x86_64-3.7/PIL
  copying src/PIL/ImageQt.py -> build/lib.linux-x86_64-3.7/PIL
  copying src/PIL/_binary.py -> build/lib.linux-x86_64-3.7/PIL
  copying src/PIL/MpegImagePlugin.py -> build/lib.linux-x86_64-3.7/PIL
  copying src/PIL/ImageMorph.py -> build/lib.linux-x86_64-3.7/PIL
  copying src/PIL/WalImageFile.py -> build/lib.linux-x86_64-3.7/PIL
  copying src/PIL/ImageChops.py -> build/lib.linux-x86_64-3.7/PIL
  copying src/PIL/TiffImagePlugin.py -> build/lib.linux-x86_64-3.7/PIL
  copying src/PIL/WmfImagePlugin.py -> build/lib.linux-x86_64-3.7/PIL
  copying src/PIL/EpsImagePlugin.py -> build/lib.linux-x86_64-3.7/PIL
  copying src/PIL/McIdasImagePlugin.py -> build/lib.linux-x86_64-3.7/PIL
  copying src/PIL/FontFile.py -> build/lib.linux-x86_64-3.7/PIL
  copying src/PIL/ImImagePlugin.py -> build/lib.linux-x86_64-3.7/PIL
  copying src/PIL/PalmImagePlugin.py -> build/lib.linux-x86_64-3.7/PIL
  copying src/PIL/GimpGradientFile.py -> build/lib.linux-x86_64-3.7/PIL
  copying src/PIL/ImageFont.py -> build/lib.linux-x86_64-3.7/PIL
  copying src/PIL/BlpImagePlugin.py -> build/lib.linux-x86_64-3.7/PIL
  copying src/PIL/ImageSequence.py -> build/lib.linux-x86_64-3.7/PIL
  copying src/PIL/PixarImagePlugin.py -> build/lib.linux-x86_64-3.7/PIL
  copying src/PIL/JpegPresets.py -> build/lib.linux-x86_64-3.7/PIL
  copying src/PIL/_version.py -> build/lib.linux-x86_64-3.7/PIL
  copying src/PIL/TarIO.py -> build/lib.linux-x86_64-3.7/PIL
  copying src/PIL/ImageFile.py -> build/lib.linux-x86_64-3.7/PIL
  copying src/PIL/DcxImagePlugin.py -> build/lib.linux-x86_64-3.7/PIL
  copying src/PIL/WebPImagePlugin.py -> build/lib.linux-x86_64-3.7/PIL
  copying src/PIL/ImageWin.py -> build/lib.linux-x86_64-3.7/PIL
  copying src/PIL/Image.py -> build/lib.linux-x86_64-3.7/PIL
  copying src/PIL/IcnsImagePlugin.py -> build/lib.linux-x86_64-3.7/PIL
  copying src/PIL/ImageStat.py -> build/lib.linux-x86_64-3.7/PIL
  copying src/PIL/ImageMode.py -> build/lib.linux-x86_64-3.7/PIL
  running egg_info
  writing src/Pillow.egg-info/PKG-INFO
  writing dependency_links to src/Pillow.egg-info/dependency_links.txt
  writing top-level names to src/Pillow.egg-info/top_level.txt
  reading manifest file 'src/Pillow.egg-info/SOURCES.txt'
  reading manifest template 'MANIFEST.in'
  warning: no files found matching '*.c'
  warning: no files found matching '*.h'
  warning: no files found matching '*.sh'
  warning: no previously-included files found matching '.appveyor.yml'
  warning: no previously-included files found matching '.clang-format'
  warning: no previously-included files found matching '.coveragerc'
  warning: no previously-included files found matching '.editorconfig'
  warning: no previously-included files found matching '.readthedocs.yml'
  warning: no previously-included files found matching 'codecov.yml'
  warning: no previously-included files matching '.git*' found anywhere in distribution
  warning: no previously-included files matching '*.pyc' found anywhere in distribution
  warning: no previously-included files matching '*.so' found anywhere in distribution
  no previously-included directories found matching '.ci'
  writing manifest file 'src/Pillow.egg-info/SOURCES.txt'
  running build_ext
  
  
  The headers or library files could not be found for zlib,
  a required dependency when compiling Pillow from source.
  
  Please see the install instructions at:
     https://pillow.readthedocs.io/en/latest/installation.html
  
  Traceback (most recent call last):
    File "/tmp/pip-install-l41vgl7f/Pillow/setup.py", line 1024, in <module>
      zip_safe=not (debug_build() or PLATFORM_MINGW),
    File "/usr/local/lib/python3.7/site-packages/setuptools/__init__.py", line 145, in setup
      return distutils.core.setup(**attrs)
    File "/usr/local/lib/python3.7/distutils/core.py", line 148, in setup
      dist.run_commands()
    File "/usr/local/lib/python3.7/distutils/dist.py", line 966, in run_commands
      self.run_command(cmd)
    File "/usr/local/lib/python3.7/distutils/dist.py", line 985, in run_command
      cmd_obj.run()
    File "/usr/local/lib/python3.7/site-packages/wheel/bdist_wheel.py", line 192, in run
      self.run_command('build')
    File "/usr/local/lib/python3.7/distutils/cmd.py", line 313, in run_command
      self.distribution.run_command(command)
    File "/usr/local/lib/python3.7/distutils/dist.py", line 985, in run_command
      cmd_obj.run()
    File "/usr/local/lib/python3.7/distutils/command/build.py", line 135, in run
      self.run_command(cmd_name)
    File "/usr/local/lib/python3.7/distutils/cmd.py", line 313, in run_command
      self.distribution.run_command(command)
    File "/usr/local/lib/python3.7/distutils/dist.py", line 985, in run_command
      cmd_obj.run()
    File "/usr/local/lib/python3.7/site-packages/setuptools/command/build_ext.py", line 78, in run
      _build_ext.run(self)
    File "/usr/local/lib/python3.7/distutils/command/build_ext.py", line 340, in run
      self.build_extensions()
    File "/tmp/pip-install-l41vgl7f/Pillow/setup.py", line 790, in build_extensions
      raise RequiredDependencyException(f)
  __main__.RequiredDependencyException: zlib
  
  During handling of the above exception, another exception occurred:
  
  Traceback (most recent call last):
    File "<string>", line 1, in <module>
    File "/tmp/pip-install-l41vgl7f/Pillow/setup.py", line 1037, in <module>
      raise RequiredDependencyException(msg)
  __main__.RequiredDependencyException:
  
  The headers or library files could not be found for zlib,
  a required dependency when compiling Pillow from source.
  
  Please see the install instructions at:
     https://pillow.readthedocs.io/en/latest/installation.html
  
  
  ----------------------------------------
[0m[91m  ERROR: Failed building wheel for Pillow
[0m  Running setup.py clean for Pillow
  Building wheel for reportlab (setup.py): started
  Building wheel for reportlab (setup.py): finished with status 'error'
[91m  ERROR: Complete output from command /usr/local/bin/python -u -c 'import setuptools, tokenize;__file__='"'"'/tmp/pip-install-l41vgl7f/reportlab/setup.py'"'"';f=getattr(tokenize, '"'"'open'"'"', open)(__file__);code=f.read().replace('"'"'\r\n'"'"', '"'"'\n'"'"');f.close();exec(compile(code, __file__, '"'"'exec'"'"'))' bdist_wheel -d /tmp/pip-wheel-ch_n3qj3 --python-tag cp37:
[0m[91m  ERROR: ##### -c-python-3.7.3-linux-x86_64: ================================================
  ##### -c-python-3.7.3-linux-x86_64: Attempting build of _rl_accel
  ##### -c-python-3.7.3-linux-x86_64: extensions from 'src/rl_addons/rl_accel'
  ##### -c-python-3.7.3-linux-x86_64: ================================================
  ##### -c-python-3.7.3-linux-x86_64: ===================================================
  ##### -c-python-3.7.3-linux-x86_64: Attempting build of _renderPM
  ##### -c-python-3.7.3-linux-x86_64: extensions from 'src/rl_addons/renderPM'
  ##### -c-python-3.7.3-linux-x86_64: ===================================================
  ##### -c-python-3.7.3-linux-x86_64: will use package libart 2.3.21
  ##### -c-python-3.7.3-linux-x86_64: # installing without freetype no ttf, sorry!
  ##### -c-python-3.7.3-linux-x86_64: # You need to install a static library version of the freetype2 software
  ##### -c-python-3.7.3-linux-x86_64: # If you need truetype support in renderPM
  ##### -c-python-3.7.3-linux-x86_64: # You may need to edit setup.cfg (win32)
  ##### -c-python-3.7.3-linux-x86_64: # or edit this file to access the library if it is installed
  ##### -c-python-3.7.3-linux-x86_64: ################################################
  ##### -c-python-3.7.3-linux-x86_64: Downloading standard T1 font curves
  ##### -c-python-3.7.3-linux-x86_64: Finished download of standard T1 font curves
  ##### -c-python-3.7.3-linux-x86_64: The _glyphlist module already exists
  running bdist_wheel
  running build
  running build_py
  creating build
  creating build/lib.linux-x86_64-3.7
  creating build/lib.linux-x86_64-3.7/reportlab
  copying src/reportlab/__init__.py -> build/lib.linux-x86_64-3.7/reportlab
  copying src/reportlab/rl_config.py -> build/lib.linux-x86_64-3.7/reportlab
  copying src/reportlab/rl_settings.py -> build/lib.linux-x86_64-3.7/reportlab
  creating build/lib.linux-x86_64-3.7/reportlab/graphics
  creating build/lib.linux-x86_64-3.7/reportlab/graphics/charts
  copying src/reportlab/graphics/charts/utils3d.py -> build/lib.linux-x86_64-3.7/reportlab/graphics/charts
  copying src/reportlab/graphics/charts/piecharts.py -> build/lib.linux-x86_64-3.7/reportlab/graphics/charts
  copying src/reportlab/graphics/charts/spider.py -> build/lib.linux-x86_64-3.7/reportlab/graphics/charts
  copying src/reportlab/graphics/charts/markers.py -> build/lib.linux-x86_64-3.7/reportlab/graphics/charts
  copying src/reportlab/graphics/charts/__init__.py -> build/lib.linux-x86_64-3.7/reportlab/graphics/charts
  copying src/reportlab/graphics/charts/doughnut.py -> build/lib.linux-x86_64-3.7/reportlab/graphics/charts
  copying src/reportlab/graphics/charts/slidebox.py -> build/lib.linux-x86_64-3.7/reportlab/graphics/charts
  copying src/reportlab/graphics/charts/utils.py -> build/lib.linux-x86_64-3.7/reportlab/graphics/charts
  copying src/reportlab/graphics/charts/dotbox.py -> build/lib.linux-x86_64-3.7/reportlab/graphics/charts
  copying src/reportlab/graphics/charts/textlabels.py -> build/lib.linux-x86_64-3.7/reportlab/graphics/charts
  copying src/reportlab/graphics/charts/areas.py -> build/lib.linux-x86_64-3.7/reportlab/graphics/charts
  copying src/reportlab/graphics/charts/legends.py -> build/lib.linux-x86_64-3.7/reportlab/graphics/charts
  copying src/reportlab/graphics/charts/lineplots.py -> build/lib.linux-x86_64-3.7/reportlab/graphics/charts
  copying src/reportlab/graphics/charts/barcharts.py -> build/lib.linux-x86_64-3.7/reportlab/graphics/charts
  copying src/reportlab/graphics/charts/linecharts.py -> build/lib.linux-x86_64-3.7/reportlab/graphics/charts
  copying src/reportlab/graphics/charts/axes.py -> build/lib.linux-x86_64-3.7/reportlab/graphics/charts
  creating build/lib.linux-x86_64-3.7/reportlab/graphics/samples
  copying src/reportlab/graphics/samples/scatter.py -> build/lib.linux-x86_64-3.7/reportlab/graphics/samples
  copying src/reportlab/graphics/samples/filled_radar.py -> build/lib.linux-x86_64-3.7/reportlab/graphics/samples
  copying src/reportlab/graphics/samples/radar.py -> build/lib.linux-x86_64-3.7/reportlab/graphics/samples
  copying src/reportlab/graphics/samples/exploded_pie.py -> build/lib.linux-x86_64-3.7/reportlab/graphics/samples
  copying src/reportlab/graphics/samples/clustered_column.py -> build/lib.linux-x86_64-3.7/reportlab/graphics/samples
  copying src/reportlab/graphics/samples/clustered_bar.py -> build/lib.linux-x86_64-3.7/reportlab/graphics/samples
  copying src/reportlab/graphics/samples/stacked_bar.py -> build/lib.linux-x86_64-3.7/reportlab/graphics/samples
  copying src/reportlab/graphics/samples/excelcolors.py -> build/lib.linux-x86_64-3.7/reportlab/graphics/samples
  copying src/reportlab/graphics/samples/simple_pie.py -> build/lib.linux-x86_64-3.7/reportlab/graphics/samples
  copying src/reportlab/graphics/samples/runall.py -> build/lib.linux-x86_64-3.7/reportlab/graphics/samples
  copying src/reportlab/graphics/samples/__init__.py -> build/lib.linux-x86_64-3.7/reportlab/graphics/samples
  copying src/reportlab/graphics/samples/linechart_with_markers.py -> build/lib.linux-x86_64-3.7/reportlab/graphics/samples
  copying src/reportlab/graphics/samples/scatter_lines_markers.py -> build/lib.linux-x86_64-3.7/reportlab/graphics/samples
  copying src/reportlab/graphics/samples/line_chart.py -> build/lib.linux-x86_64-3.7/reportlab/graphics/samples
  copying src/reportlab/graphics/samples/stacked_column.py -> build/lib.linux-x86_64-3.7/reportlab/graphics/samples
  copying src/reportlab/graphics/samples/scatter_lines.py -> build/lib.linux-x86_64-3.7/reportlab/graphics/samples
  copying src/reportlab/graphics/samples/bubble.py -> build/lib.linux-x86_64-3.7/reportlab/graphics/samples
  creating build/lib.linux-x86_64-3.7/reportlab/graphics/widgets
  copying src/reportlab/graphics/widgets/adjustableArrow.py -> build/lib.linux-x86_64-3.7/reportlab/graphics/widgets
  copying src/reportlab/graphics/widgets/signsandsymbols.py -> build/lib.linux-x86_64-3.7/reportlab/graphics/widgets
  copying src/reportlab/graphics/widgets/table.py -> build/lib.linux-x86_64-3.7/reportlab/graphics/widgets
  copying src/reportlab/graphics/widgets/grids.py -> build/lib.linux-x86_64-3.7/reportlab/graphics/widgets
  copying src/reportlab/graphics/widgets/markers.py -> build/lib.linux-x86_64-3.7/reportlab/graphics/widgets
  copying src/reportlab/graphics/widgets/__init__.py -> build/lib.linux-x86_64-3.7/reportlab/graphics/widgets
  copying src/reportlab/graphics/widgets/flags.py -> build/lib.linux-x86_64-3.7/reportlab/graphics/widgets
  copying src/reportlab/graphics/widgets/eventcal.py -> build/lib.linux-x86_64-3.7/reportlab/graphics/widgets
  creating build/lib.linux-x86_64-3.7/reportlab/graphics/barcode
  copying src/reportlab/graphics/barcode/qr.py -> build/lib.linux-x86_64-3.7/reportlab/graphics/barcode
  copying src/reportlab/graphics/barcode/code128.py -> build/lib.linux-x86_64-3.7/reportlab/graphics/barcode
  copying src/reportlab/graphics/barcode/lto.py -> build/lib.linux-x86_64-3.7/reportlab/graphics/barcode
  copying src/reportlab/graphics/barcode/code93.py -> build/lib.linux-x86_64-3.7/reportlab/graphics/barcode
  copying src/reportlab/graphics/barcode/eanbc.py -> build/lib.linux-x86_64-3.7/reportlab/graphics/barcode
  copying src/reportlab/graphics/barcode/__init__.py -> build/lib.linux-x86_64-3.7/reportlab/graphics/barcode
  copying src/reportlab/graphics/barcode/fourstate.py -> build/lib.linux-x86_64-3.7/reportlab/graphics/barcode
  copying src/reportlab/graphics/barcode/code39.py -> build/lib.linux-x86_64-3.7/reportlab/graphics/barcode
  copying src/reportlab/graphics/barcode/qrencoder.py -> build/lib.linux-x86_64-3.7/reportlab/graphics/barcode
  copying src/reportlab/graphics/barcode/usps.py -> build/lib.linux-x86_64-3.7/reportlab/graphics/barcode
  copying src/reportlab/graphics/barcode/common.py -> build/lib.linux-x86_64-3.7/reportlab/graphics/barcode
  copying src/reportlab/graphics/barcode/dmtx.py -> build/lib.linux-x86_64-3.7/reportlab/graphics/barcode
  copying src/reportlab/graphics/barcode/ecc200datamatrix.py -> build/lib.linux-x86_64-3.7/reportlab/graphics/barcode
  copying src/reportlab/graphics/barcode/usps4s.py -> build/lib.linux-x86_64-3.7/reportlab/graphics/barcode
  copying src/reportlab/graphics/barcode/test.py -> build/lib.linux-x86_64-3.7/reportlab/graphics/barcode
  copying src/reportlab/graphics/barcode/widgets.py -> build/lib.linux-x86_64-3.7/reportlab/graphics/barcode
  copying src/reportlab/graphics/shapes.py -> build/lib.linux-x86_64-3.7/reportlab/graphics
  copying src/reportlab/graphics/testshapes.py -> build/lib.linux-x86_64-3.7/reportlab/graphics
  copying src/reportlab/graphics/renderbase.py -> build/lib.linux-x86_64-3.7/reportlab/graphics
  copying src/reportlab/graphics/testdrawings.py -> build/lib.linux-x86_64-3.7/reportlab/graphics
  copying src/reportlab/graphics/__init__.py -> build/lib.linux-x86_64-3.7/reportlab/graphics
  copying src/reportlab/graphics/transform.py -> build/lib.linux-x86_64-3.7/reportlab/graphics
  copying src/reportlab/graphics/utils.py -> build/lib.linux-x86_64-3.7/reportlab/graphics
  copying src/reportlab/graphics/widgetbase.py -> build/lib.linux-x86_64-3.7/reportlab/graphics
  copying src/reportlab/graphics/renderPS.py -> build/lib.linux-x86_64-3.7/reportlab/graphics
  copying src/reportlab/graphics/renderSVG.py -> build/lib.linux-x86_64-3.7/reportlab/graphics
  copying src/reportlab/graphics/renderPM.py -> build/lib.linux-x86_64-3.7/reportlab/graphics
  copying src/reportlab/graphics/renderPDF.py -> build/lib.linux-x86_64-3.7/reportlab/graphics
  creating build/lib.linux-x86_64-3.7/reportlab/lib
  copying src/reportlab/lib/abag.py -> build/lib.linux-x86_64-3.7/reportlab/lib
  copying src/reportlab/lib/yaml.py -> build/lib.linux-x86_64-3.7/reportlab/lib
  copying src/reportlab/lib/corp.py -> build/lib.linux-x86_64-3.7/reportlab/lib
  copying src/reportlab/lib/fonts.py -> build/lib.linux-x86_64-3.7/reportlab/lib
  copying src/reportlab/lib/pygments2xpre.py -> build/lib.linux-x86_64-3.7/reportlab/lib
  copying src/reportlab/lib/enums.py -> build/lib.linux-x86_64-3.7/reportlab/lib
  copying src/reportlab/lib/__init__.py -> build/lib.linux-x86_64-3.7/reportlab/lib
  copying src/reportlab/lib/validators.py -> build/lib.linux-x86_64-3.7/reportlab/lib
  copying src/reportlab/lib/arciv.py -> build/lib.linux-x86_64-3.7/reportlab/lib
  copying src/reportlab/lib/styles.py -> build/lib.linux-x86_64-3.7/reportlab/lib
  copying src/reportlab/lib/testutils.py -> build/lib.linux-x86_64-3.7/reportlab/lib
  copying src/reportlab/lib/utils.py -> build/lib.linux-x86_64-3.7/reportlab/lib
  copying src/reportlab/lib/rparsexml.py -> build/lib.linux-x86_64-3.7/reportlab/lib
  copying src/reportlab/lib/sequencer.py -> build/lib.linux-x86_64-3.7/reportlab/lib
  copying src/reportlab/lib/units.py -> build/lib.linux-x86_64-3.7/reportlab/lib
  copying src/reportlab/lib/randomtext.py -> build/lib.linux-x86_64-3.7/reportlab/lib
  copying src/reportlab/lib/formatters.py -> build/lib.linux-x86_64-3.7/reportlab/lib
  copying src/reportlab/lib/PyFontify.py -> build/lib.linux-x86_64-3.7/reportlab/lib
  copying src/reportlab/lib/textsplit.py -> build/lib.linux-x86_64-3.7/reportlab/lib
  copying src/reportlab/lib/logger.py -> build/lib.linux-x86_64-3.7/reportlab/lib
  copying src/reportlab/lib/rl_safe_eval.py -> build/lib.linux-x86_64-3.7/reportlab/lib
  copying src/reportlab/lib/boxstuff.py -> build/lib.linux-x86_64-3.7/reportlab/lib
  copying src/reportlab/lib/pdfencrypt.py -> build/lib.linux-x86_64-3.7/reportlab/lib
  copying src/reportlab/lib/codecharts.py -> build/lib.linux-x86_64-3.7/reportlab/lib
  copying src/reportlab/lib/extformat.py -> build/lib.linux-x86_64-3.7/reportlab/lib
  copying src/reportlab/lib/normalDate.py -> build/lib.linux-x86_64-3.7/reportlab/lib
  copying src/reportlab/lib/rltempfile.py -> build/lib.linux-x86_64-3.7/reportlab/lib
  copying src/reportlab/lib/pagesizes.py -> build/lib.linux-x86_64-3.7/reportlab/lib
  copying src/reportlab/lib/geomutils.py -> build/lib.linux-x86_64-3.7/reportlab/lib
  copying src/reportlab/lib/fontfinder.py -> build/lib.linux-x86_64-3.7/reportlab/lib
  copying src/reportlab/lib/attrmap.py -> build/lib.linux-x86_64-3.7/reportlab/lib
  copying src/reportlab/lib/rl_accel.py -> build/lib.linux-x86_64-3.7/reportlab/lib
  copying src/reportlab/lib/colors.py -> build/lib.linux-x86_64-3.7/reportlab/lib
  creating build/lib.linux-x86_64-3.7/reportlab/pdfbase
  copying src/reportlab/pdfbase/_fontdata_widths_zapfdingbats.py -> build/lib.linux-x86_64-3.7/reportlab/pdfbase
  copying src/reportlab/pdfbase/_fontdata_widths_timesbold.py -> build/lib.linux-x86_64-3.7/reportlab/pdfbase
  copying src/reportlab/pdfbase/pdfutils.py -> build/lib.linux-x86_64-3.7/reportlab/pdfbase
  copying src/reportlab/pdfbase/_fontdata_widths_timesbolditalic.py -> build/lib.linux-x86_64-3.7/reportlab/pdfbase
  copying src/reportlab/pdfbase/_fontdata_enc_macroman.py -> build/lib.linux-x86_64-3.7/reportlab/pdfbase
  copying src/reportlab/pdfbase/_fontdata.py -> build/lib.linux-x86_64-3.7/reportlab/pdfbase
  copying src/reportlab/pdfbase/_fontdata_enc_winansi.py -> build/lib.linux-x86_64-3.7/reportlab/pdfbase
  copying src/reportlab/pdfbase/_fontdata_widths_courieroblique.py -> build/lib.linux-x86_64-3.7/reportlab/pdfbase
  copying src/reportlab/pdfbase/_fontdata_widths_helveticaboldoblique.py -> build/lib.linux-x86_64-3.7/reportlab/pdfbase
  copying src/reportlab/pdfbase/_fontdata_widths_courierboldoblique.py -> build/lib.linux-x86_64-3.7/reportlab/pdfbase
  copying src/reportlab/pdfbase/__init__.py -> build/lib.linux-x86_64-3.7/reportlab/pdfbase
  copying src/reportlab/pdfbase/_cidfontdata.py -> build/lib.linux-x86_64-3.7/reportlab/pdfbase
  copying src/reportlab/pdfbase/acroform.py -> build/lib.linux-x86_64-3.7/reportlab/pdfbase
  copying src/reportlab/pdfbase/_fontdata_widths_courierbold.py -> build/lib.linux-x86_64-3.7/reportlab/pdfbase
  copying src/reportlab/pdfbase/_fontdata_widths_helveticaoblique.py -> build/lib.linux-x86_64-3.7/reportlab/pdfbase
  copying src/reportlab/pdfbase/_fontdata_enc_symbol.py -> build/lib.linux-x86_64-3.7/reportlab/pdfbase
  copying src/reportlab/pdfbase/_fontdata_widths_symbol.py -> build/lib.linux-x86_64-3.7/reportlab/pdfbase
  copying src/reportlab/pdfbase/_fontdata_enc_standard.py -> build/lib.linux-x86_64-3.7/reportlab/pdfbase
  copying src/reportlab/pdfbase/_fontdata_widths_courier.py -> build/lib.linux-x86_64-3.7/reportlab/pdfbase
  copying src/reportlab/pdfbase/cidfonts.py -> build/lib.linux-x86_64-3.7/reportlab/pdfbase
  copying src/reportlab/pdfbase/_fontdata_enc_pdfdoc.py -> build/lib.linux-x86_64-3.7/reportlab/pdfbase
  copying src/reportlab/pdfbase/pdfdoc.py -> build/lib.linux-x86_64-3.7/reportlab/pdfbase
  copying src/reportlab/pdfbase/_fontdata_widths_timesitalic.py -> build/lib.linux-x86_64-3.7/reportlab/pdfbase
  copying src/reportlab/pdfbase/_fontdata_widths_helveticabold.py -> build/lib.linux-x86_64-3.7/reportlab/pdfbase
  copying src/reportlab/pdfbase/pdfmetrics.py -> build/lib.linux-x86_64-3.7/reportlab/pdfbase
  copying src/reportlab/pdfbase/_fontdata_enc_zapfdingbats.py -> build/lib.linux-x86_64-3.7/reportlab/pdfbase
  copying src/reportlab/pdfbase/_glyphlist.py -> build/lib.linux-x86_64-3.7/reportlab/pdfbase
  copying src/reportlab/pdfbase/ttfonts.py -> build/lib.linux-x86_64-3.7/reportlab/pdfbase
  copying src/reportlab/pdfbase/_fontdata_widths_helvetica.py -> build/lib.linux-x86_64-3.7/reportlab/pdfbase
  copying src/reportlab/pdfbase/pdfform.py -> build/lib.linux-x86_64-3.7/reportlab/pdfbase
  copying src/reportlab/pdfbase/_can_cmap_data.py -> build/lib.linux-x86_64-3.7/reportlab/pdfbase
  copying src/reportlab/pdfbase/rl_codecs.py -> build/lib.linux-x86_64-3.7/reportlab/pdfbase
  copying src/reportlab/pdfbase/pdfpattern.py -> build/lib.linux-x86_64-3.7/reportlab/pdfbase
  copying src/reportlab/pdfbase/_fontdata_widths_timesroman.py -> build/lib.linux-x86_64-3.7/reportlab/pdfbase
  copying src/reportlab/pdfbase/_fontdata_enc_macexpert.py -> build/lib.linux-x86_64-3.7/reportlab/pdfbase
  creating build/lib.linux-x86_64-3.7/reportlab/pdfgen
  copying src/reportlab/pdfgen/canvas.py -> build/lib.linux-x86_64-3.7/reportlab/pdfgen
  copying src/reportlab/pdfgen/__init__.py -> build/lib.linux-x86_64-3.7/reportlab/pdfgen
  copying src/reportlab/pdfgen/pdfimages.py -> build/lib.linux-x86_64-3.7/reportlab/pdfgen
  copying src/reportlab/pdfgen/textobject.py -> build/lib.linux-x86_64-3.7/reportlab/pdfgen
  copying src/reportlab/pdfgen/pathobject.py -> build/lib.linux-x86_64-3.7/reportlab/pdfgen
  copying src/reportlab/pdfgen/pdfgeom.py -> build/lib.linux-x86_64-3.7/reportlab/pdfgen
  creating build/lib.linux-x86_64-3.7/reportlab/platypus
  copying src/reportlab/platypus/xpreformatted.py -> build/lib.linux-x86_64-3.7/reportlab/platypus
  copying src/reportlab/platypus/para.py -> build/lib.linux-x86_64-3.7/reportlab/platypus
  copying src/reportlab/platypus/paragraph.py -> build/lib.linux-x86_64-3.7/reportlab/platypus
  copying src/reportlab/platypus/__init__.py -> build/lib.linux-x86_64-3.7/reportlab/platypus
  copying src/reportlab/platypus/figures.py -> build/lib.linux-x86_64-3.7/reportlab/platypus
  copying src/reportlab/platypus/paraparser.py -> build/lib.linux-x86_64-3.7/reportlab/platypus
  copying src/reportlab/platypus/flowables.py -> build/lib.linux-x86_64-3.7/reportlab/platypus
  copying src/reportlab/platypus/tableofcontents.py -> build/lib.linux-x86_64-3.7/reportlab/platypus
  copying src/reportlab/platypus/frames.py -> build/lib.linux-x86_64-3.7/reportlab/platypus
  copying src/reportlab/platypus/doctemplate.py -> build/lib.linux-x86_64-3.7/reportlab/platypus
  copying src/reportlab/platypus/tables.py -> build/lib.linux-x86_64-3.7/reportlab/platypus
  copying src/reportlab/platypus/multicol.py -> build/lib.linux-x86_64-3.7/reportlab/platypus
  creating build/lib.linux-x86_64-3.7/reportlab/fonts
  copying src/reportlab/fonts/00readme.txt -> build/lib.linux-x86_64-3.7/reportlab/fonts
  copying src/reportlab/fonts/bitstream-vera-license.txt -> build/lib.linux-x86_64-3.7/reportlab/fonts
  copying src/reportlab/fonts/DarkGarden-changelog.txt -> build/lib.linux-x86_64-3.7/reportlab/fonts
  copying src/reportlab/fonts/DarkGarden-copying-gpl.txt -> build/lib.linux-x86_64-3.7/reportlab/fonts
  copying src/reportlab/fonts/DarkGarden-copying.txt -> build/lib.linux-x86_64-3.7/reportlab/fonts
  copying src/reportlab/fonts/DarkGarden-readme.txt -> build/lib.linux-x86_64-3.7/reportlab/fonts
  copying src/reportlab/fonts/DarkGarden.sfd -> build/lib.linux-x86_64-3.7/reportlab/fonts
  copying src/reportlab/fonts/DarkGardenMK.afm -> build/lib.linux-x86_64-3.7/reportlab/fonts
  copying src/reportlab/fonts/DarkGardenMK.pfb -> build/lib.linux-x86_64-3.7/reportlab/fonts
  copying src/reportlab/fonts/Vera.ttf -> build/lib.linux-x86_64-3.7/reportlab/fonts
  copying src/reportlab/fonts/VeraBd.ttf -> build/lib.linux-x86_64-3.7/reportlab/fonts
  copying src/reportlab/fonts/VeraBI.ttf -> build/lib.linux-x86_64-3.7/reportlab/fonts
  copying src/reportlab/fonts/VeraIt.ttf -> build/lib.linux-x86_64-3.7/reportlab/fonts
  copying src/reportlab/fonts/_abi____.pfb -> build/lib.linux-x86_64-3.7/reportlab/fonts
  copying src/reportlab/fonts/_ab_____.pfb -> build/lib.linux-x86_64-3.7/reportlab/fonts
  copying src/reportlab/fonts/_ai_____.pfb -> build/lib.linux-x86_64-3.7/reportlab/fonts
  copying src/reportlab/fonts/_a______.pfb -> build/lib.linux-x86_64-3.7/reportlab/fonts
  copying src/reportlab/fonts/cobo____.pfb -> build/lib.linux-x86_64-3.7/reportlab/fonts
  copying src/reportlab/fonts/cob_____.pfb -> build/lib.linux-x86_64-3.7/reportlab/fonts
  copying src/reportlab/fonts/com_____.pfb -> build/lib.linux-x86_64-3.7/reportlab/fonts
  copying src/reportlab/fonts/coo_____.pfb -> build/lib.linux-x86_64-3.7/reportlab/fonts
  copying src/reportlab/fonts/_ebi____.pfb -> build/lib.linux-x86_64-3.7/reportlab/fonts
  copying src/reportlab/fonts/_eb_____.pfb -> build/lib.linux-x86_64-3.7/reportlab/fonts
  copying src/reportlab/fonts/_ei_____.pfb -> build/lib.linux-x86_64-3.7/reportlab/fonts
  copying src/reportlab/fonts/_er_____.pfb -> build/lib.linux-x86_64-3.7/reportlab/fonts
  copying src/reportlab/fonts/sy______.pfb -> build/lib.linux-x86_64-3.7/reportlab/fonts
  copying src/reportlab/fonts/zd______.pfb -> build/lib.linux-x86_64-3.7/reportlab/fonts
  copying src/reportlab/fonts/zx______.pfb -> build/lib.linux-x86_64-3.7/reportlab/fonts
  copying src/reportlab/fonts/zy______.pfb -> build/lib.linux-x86_64-3.7/reportlab/fonts
  copying src/reportlab/fonts/callig15.pfb -> build/lib.linux-x86_64-3.7/reportlab/fonts
  copying src/reportlab/fonts/callig15.afm -> build/lib.linux-x86_64-3.7/reportlab/fonts
  running build_ext
  building 'reportlab.lib._rl_accel' extension
  creating build/temp.linux-x86_64-3.7
  creating build/temp.linux-x86_64-3.7/src
  creating build/temp.linux-x86_64-3.7/src/rl_addons
  creating build/temp.linux-x86_64-3.7/src/rl_addons/rl_accel
  gcc -pthread -Wno-unused-result -Wsign-compare -DNDEBUG -g -fwrapv -O3 -Wall -fPIC -I/usr/local/include/python3.7m -c src/rl_addons/rl_accel/_rl_accel.c -o build/temp.linux-x86_64-3.7/src/rl_addons/rl_accel/_rl_accel.o
  unable to execute 'gcc': No such file or directory
  error: command 'gcc' failed with exit status 1
  ----------------------------------------
[0m[91m  ERROR: Failed building wheel for reportlab
[0m  Running setup.py clean for reportlab
  Building wheel for future (setup.py): started
  Building wheel for future (setup.py): finished with status 'done'
  Stored in directory: /root/.cache/pip/wheels/8b/99/a0/81daf51dcd359a9377b110a8a886b3895921802d2fc1b2397e
Successfully built xhtml2pdf pyPdf2 future
Failed to build Pillow reportlab
Installing collected packages: typing-extensions, zipp, importlib-metadata, click, itsdangerous, MarkupSafe, Jinja2, Werkzeug, Flask, urllib3, idna, certifi, chardet, requests, webencodings, six, html5lib, pyPdf2, Pillow, reportlab, python-bidi, future, arabic-reshaper, xhtml2pdf, gunicorn
  Running setup.py install for Pillow: started
    Running setup.py install for Pillow: finished with status 'error'
[91m    ERROR: Complete output from command /usr/local/bin/python -u -c 'import setuptools, tokenize;__file__='"'"'/tmp/pip-install-l41vgl7f/Pillow/setup.py'"'"';f=getattr(tokenize, '"'"'open'"'"', open)(__file__);code=f.read().replace('"'"'\r\n'"'"', '"'"'\n'"'"');f.close();exec(compile(code, __file__, '"'"'exec'"'"'))' install --record /tmp/pip-record-myq28i22/install-record.txt --single-version-externally-managed --compile:
[0m[91m    ERROR: running install
    running build
    running build_py
    creating build
    creating build/lib.linux-x86_64-3.7
    creating build/lib.linux-x86_64-3.7/PIL
    copying src/PIL/CurImagePlugin.py -> build/lib.linux-x86_64-3.7/PIL
    copying src/PIL/ImtImagePlugin.py -> build/lib.linux-x86_64-3.7/PIL
    copying src/PIL/GifImagePlugin.py -> build/lib.linux-x86_64-3.7/PIL
    copying src/PIL/PaletteFile.py -> build/lib.linux-x86_64-3.7/PIL
    copying src/PIL/ImageDraw.py -> build/lib.linux-x86_64-3.7/PIL
    copying src/PIL/MpoImagePlugin.py -> build/lib.linux-x86_64-3.7/PIL
    copying src/PIL/XpmImagePlugin.py -> build/lib.linux-x86_64-3.7/PIL
    copying src/PIL/PngImagePlugin.py -> build/lib.linux-x86_64-3.7/PIL
    copying src/PIL/XbmImagePlugin.py -> build/lib.linux-x86_64-3.7/PIL
    copying src/PIL/TgaImagePlugin.py -> build/lib.linux-x86_64-3.7/PIL
    copying src/PIL/ImageTransform.py -> build/lib.linux-x86_64-3.7/PIL
    copying src/PIL/PcfFontFile.py -> build/lib.linux-x86_64-3.7/PIL
    copying src/PIL/ImagePalette.py -> build/lib.linux-x86_64-3.7/PIL
    copying src/PIL/SpiderImagePlugin.py -> build/lib.linux-x86_64-3.7/PIL
    copying src/PIL/_util.py -> build/lib.linux-x86_64-3.7/PIL
    copying src/PIL/PcxImagePlugin.py -> build/lib.linux-x86_64-3.7/PIL
    copying src/PIL/SunImagePlugin.py -> build/lib.linux-x86_64-3.7/PIL
    copying src/PIL/PyAccess.py -> build/lib.linux-x86_64-3.7/PIL
    copying src/PIL/PdfImagePlugin.py -> build/lib.linux-x86_64-3.7/PIL
    copying src/PIL/ImageOps.py -> build/lib.linux-x86_64-3.7/PIL
    copying src/PIL/GbrImagePlugin.py -> build/lib.linux-x86_64-3.7/PIL
    copying src/PIL/ImageFilter.py -> build/lib.linux-x86_64-3.7/PIL
    copying src/PIL/PcdImagePlugin.py -> build/lib.linux-x86_64-3.7/PIL
    copying src/PIL/MicImagePlugin.py -> build/lib.linux-x86_64-3.7/PIL
    copying src/PIL/DdsImagePlugin.py -> build/lib.linux-x86_64-3.7/PIL
    copying src/PIL/IptcImagePlugin.py -> build/lib.linux-x86_64-3.7/PIL
    copying src/PIL/GribStubImagePlugin.py -> build/lib.linux-x86_64-3.7/PIL
    copying src/PIL/Jpeg2KImagePlugin.py -> build/lib.linux-x86_64-3.7/PIL
    copying src/PIL/__init__.py -> build/lib.linux-x86_64-3.7/PIL
    copying src/PIL/BdfFontFile.py -> build/lib.linux-x86_64-3.7/PIL
    copying src/PIL/ImageGrab.py -> build/lib.linux-x86_64-3.7/PIL
    copying src/PIL/features.py -> build/lib.linux-x86_64-3.7/PIL
    copying src/PIL/MspImagePlugin.py -> build/lib.linux-x86_64-3.7/PIL
    copying src/PIL/Hdf5StubImagePlugin.py -> build/lib.linux-x86_64-3.7/PIL
    copying src/PIL/__main__.py -> build/lib.linux-x86_64-3.7/PIL
    copying src/PIL/ImagePath.py -> build/lib.linux-x86_64-3.7/PIL
    copying src/PIL/ImageCms.py -> build/lib.linux-x86_64-3.7/PIL
    copying src/PIL/FliImagePlugin.py -> build/lib.linux-x86_64-3.7/PIL
    copying src/PIL/PpmImagePlugin.py -> build/lib.linux-x86_64-3.7/PIL
    copying src/PIL/GdImageFile.py -> build/lib.linux-x86_64-3.7/PIL
    copying src/PIL/SgiImagePlugin.py -> build/lib.linux-x86_64-3.7/PIL
    copying src/PIL/ImageColor.py -> build/lib.linux-x86_64-3.7/PIL
    copying src/PIL/_tkinter_finder.py -> build/lib.linux-x86_64-3.7/PIL
    copying src/PIL/FtexImagePlugin.py -> build/lib.linux-x86_64-3.7/PIL
    copying src/PIL/PsdImagePlugin.py -> build/lib.linux-x86_64-3.7/PIL
    copying src/PIL/XVThumbImagePlugin.py -> build/lib.linux-x86_64-3.7/PIL
    copying src/PIL/ImageEnhance.py -> build/lib.linux-x86_64-3.7/PIL
    copying src/PIL/ContainerIO.py -> build/lib.linux-x86_64-3.7/PIL
    copying src/PIL/BmpImagePlugin.py -> build/lib.linux-x86_64-3.7/PIL
    copying src/PIL/JpegImagePlugin.py -> build/lib.linux-x86_64-3.7/PIL
    copying src/PIL/ImageTk.py -> build/lib.linux-x86_64-3.7/PIL
    copying src/PIL/ImageMath.py -> build/lib.linux-x86_64-3.7/PIL
    copying src/PIL/ImageDraw2.py -> build/lib.linux-x86_64-3.7/PIL
    copying src/PIL/ImageShow.py -> build/lib.linux-x86_64-3.7/PIL
    copying src/PIL/FitsStubImagePlugin.py -> build/lib.linux-x86_64-3.7/PIL
    copying src/PIL/BufrStubImagePlugin.py -> build/lib.linux-x86_64-3.7/PIL
    copying src/PIL/ExifTags.py -> build/lib.linux-x86_64-3.7/PIL
    copying src/PIL/GimpPaletteFile.py -> build/lib.linux-x86_64-3.7/PIL
    copying src/PIL/TiffTags.py -> build/lib.linux-x86_64-3.7/PIL
    copying src/PIL/PSDraw.py -> build/lib.linux-x86_64-3.7/PIL
    copying src/PIL/FpxImagePlugin.py -> build/lib.linux-x86_64-3.7/PIL
    copying src/PIL/PdfParser.py -> build/lib.linux-x86_64-3.7/PIL
    copying src/PIL/IcoImagePlugin.py -> build/lib.linux-x86_64-3.7/PIL
    copying src/PIL/ImageQt.py -> build/lib.linux-x86_64-3.7/PIL
    copying src/PIL/_binary.py -> build/lib.linux-x86_64-3.7/PIL
    copying src/PIL/MpegImagePlugin.py -> build/lib.linux-x86_64-3.7/PIL
    copying src/PIL/ImageMorph.py -> build/lib.linux-x86_64-3.7/PIL
    copying src/PIL/WalImageFile.py -> build/lib.linux-x86_64-3.7/PIL
    copying src/PIL/ImageChops.py -> build/lib.linux-x86_64-3.7/PIL
    copying src/PIL/TiffImagePlugin.py -> build/lib.linux-x86_64-3.7/PIL
    copying src/PIL/WmfImagePlugin.py -> build/lib.linux-x86_64-3.7/PIL
    copying src/PIL/EpsImagePlugin.py -> build/lib.linux-x86_64-3.7/PIL
    copying src/PIL/McIdasImagePlugin.py -> build/lib.linux-x86_64-3.7/PIL
    copying src/PIL/FontFile.py -> build/lib.linux-x86_64-3.7/PIL
    copying src/PIL/ImImagePlugin.py -> build/lib.linux-x86_64-3.7/PIL
    copying src/PIL/PalmImagePlugin.py -> build/lib.linux-x86_64-3.7/PIL
    copying src/PIL/GimpGradientFile.py -> build/lib.linux-x86_64-3.7/PIL
    copying src/PIL/ImageFont.py -> build/lib.linux-x86_64-3.7/PIL
    copying src/PIL/BlpImagePlugin.py -> build/lib.linux-x86_64-3.7/PIL
    copying src/PIL/ImageSequence.py -> build/lib.linux-x86_64-3.7/PIL
    copying src/PIL/PixarImagePlugin.py -> build/lib.linux-x86_64-3.7/PIL
    copying src/PIL/JpegPresets.py -> build/lib.linux-x86_64-3.7/PIL
    copying src/PIL/_version.py -> build/lib.linux-x86_64-3.7/PIL
    copying src/PIL/TarIO.py -> build/lib.linux-x86_64-3.7/PIL
    copying src/PIL/ImageFile.py -> build/lib.linux-x86_64-3.7/PIL
    copying src/PIL/DcxImagePlugin.py -> build/lib.linux-x86_64-3.7/PIL
    copying src/PIL/WebPImagePlugin.py -> build/lib.linux-x86_64-3.7/PIL
    copying src/PIL/ImageWin.py -> build/lib.linux-x86_64-3.7/PIL
    copying src/PIL/Image.py -> build/lib.linux-x86_64-3.7/PIL
    copying src/PIL/IcnsImagePlugin.py -> build/lib.linux-x86_64-3.7/PIL
    copying src/PIL/ImageStat.py -> build/lib.linux-x86_64-3.7/PIL
    copying src/PIL/ImageMode.py -> build/lib.linux-x86_64-3.7/PIL
    running egg_info
    writing src/Pillow.egg-info/PKG-INFO
    writing dependency_links to src/Pillow.egg-info/dependency_links.txt
    writing top-level names to src/Pillow.egg-info/top_level.txt
    reading manifest file 'src/Pillow.egg-info/SOURCES.txt'
    reading manifest template 'MANIFEST.in'
    warning: no files found matching '*.c'
    warning: no files found matching '*.h'
    warning: no files found matching '*.sh'
    warning: no previously-included files found matching '.appveyor.yml'
    warning: no previously-included files found matching '.clang-format'
    warning: no previously-included files found matching '.coveragerc'
    warning: no previously-included files found matching '.editorconfig'
    warning: no previously-included files found matching '.readthedocs.yml'
    warning: no previously-included files found matching 'codecov.yml'
    warning: no previously-included files matching '.git*' found anywhere in distribution
    warning: no previously-included files matching '*.pyc' found anywhere in distribution
    warning: no previously-included files matching '*.so' found anywhere in distribution
    no previously-included directories found matching '.ci'
    writing manifest file 'src/Pillow.egg-info/SOURCES.txt'
    running build_ext
    
    
    The headers or library files could not be found for zlib,
    a required dependency when compiling Pillow from source.
    
    Please see the install instructions at:
       https://pillow.readthedocs.io/en/latest/installation.html
    
    Traceback (most recent call last):
      File "/tmp/pip-install-l41vgl7f/Pillow/setup.py", line 1024, in <module>
        zip_safe=not (debug_build() or PLATFORM_MINGW),
      File "/usr/local/lib/python3.7/site-packages/setuptools/__init__.py", line 145, in setup
        return distutils.core.setup(**attrs)
      File "/usr/local/lib/python3.7/distutils/core.py", line 148, in setup
        dist.run_commands()
      File "/usr/local/lib/python3.7/distutils/dist.py", line 966, in run_commands
        self.run_command(cmd)
      File "/usr/local/lib/python3.7/distutils/dist.py", line 985, in run_command
        cmd_obj.run()
      File "/usr/local/lib/python3.7/site-packages/setuptools/command/install.py", line 61, in run
        return orig.install.run(self)
      File "/usr/local/lib/python3.7/distutils/command/install.py", line 545, in run
        self.run_command('build')
      File "/usr/local/lib/python3.7/distutils/cmd.py", line 313, in run_command
        self.distribution.run_command(command)
      File "/usr/local/lib/python3.7/distutils/dist.py", line 985, in run_command
        cmd_obj.run()
      File "/usr/local/lib/python3.7/distutils/command/build.py", line 135, in run
        self.run_command(cmd_name)
      File "/usr/local/lib/python3.7/distutils/cmd.py", line 313, in run_command
        self.distribution.run_command(command)
      File "/usr/local/lib/python3.7/distutils/dist.py", line 985, in run_command
        cmd_obj.run()
      File "/usr/local/lib/python3.7/site-packages/setuptools/command/build_ext.py", line 78, in run
        _build_ext.run(self)
      File "/usr/local/lib/python3.7/distutils/command/build_ext.py", line 340, in run
        self.build_extensions()
      File "/tmp/pip-install-l41vgl7f/Pillow/setup.py", line 790, in build_extensions
        raise RequiredDependencyException(f)
    __main__.RequiredDependencyException: zlib
    
    During handling of the above exception, another exception occurred:
    
    Traceback (most recent call last):
      File "<string>", line 1, in <module>
      File "/tmp/pip-install-l41vgl7f/Pillow/setup.py", line 1037, in <module>
        raise RequiredDependencyException(msg)
    __main__.RequiredDependencyException:
    
    The headers or library files could not be found for zlib,
    a required dependency when compiling Pillow from source.
    
    Please see the install instructions at:
       https://pillow.readthedocs.io/en/latest/installation.html
    
    
    ----------------------------------------
[0m[91mERROR: Command "/usr/local/bin/python -u -c 'import setuptools, tokenize;__file__='"'"'/tmp/pip-install-l41vgl7f/Pillow/setup.py'"'"';f=getattr(tokenize, '"'"'open'"'"', open)(__file__);code=f.read().replace('"'"'\r\n'"'"', '"'"'\n'"'"');f.close();exec(compile(code, __file__, '"'"'exec'"'"'))' install --record /tmp/pip-record-myq28i22/install-record.txt --single-version-externally-managed --compile" failed with error code 1 in /tmp/pip-install-l41vgl7f/Pillow/
[0m[91mWARNING: You are using pip version 19.1.1, however version 21.3.1 is available.
You should consider upgrading via the 'pip install --upgrade pip' command.
[0m1 error occurred:
	* Status: The command '/bin/sh -c pip install -r /requirements.txt' returned a non-zero code: 1, Code: 1


